asciiquarium 1.1-7
awww 0.12.1-1
base 3-3
base-devel 1-2
brave-bin 1:1.91.171-1
brightnessctl 0.5.1-3
btrfs-progs 7.0-1
cava 0.10.7-1
cbonsai 1.4.2-1
cmatrix 2.0-4
device-mapper 2.03.41-1
dolphin 26.04.2-1
dosfstools 4.2-5
fastfetch 2.64.2-2
foot 1.27.0-1
fuzzel 1.14.1-1
git 2.54.0-1
gping 1.20.1-1
gst-plugin-pipewire 1:1.6.6-1
htop 3.5.1-1
hyprland 0.55.3-1
hyprpolkitagent 0.1.3-7
iptables 1:1.8.13-1
kitty 0.47.1-1
linux-aarch64 7.0.11-2
linux-firmware 20260519-1
mako 1.11.0-1
mesa-utils 9.0.0-7
nano 9.0-1
networkmanager 1.56.1-1
noto-fonts 1:2026.06.01-1
open-vm-tools-git 13.0.10-1
pacman-contrib 1.13.1-1
pipewire 1:1.6.6-1
pipewire-alsa 1:1.6.6-1
pipewire-pulse 1:1.6.6-1
pixie-sddm-git r36.7300725-1
playerctl 2.4.1-5
plymouth 26.134.222-2
polkit 127-3
qt5-wayland 5.15.19+kde+r55-1
qt6-wayland 6.11.1-1
rofi-git 2.0.0.r62.g2e7a6c7a-1
sddm 0.21.0-7
starship 1.25.1-1
sudo 1.9.17.p2-2
terminus-font 4.49.1-8
tmux 3.6_b-2
ttf-jetbrains-mono-nerd 3.4.0-2
visual-studio-code-bin 1.123.0-6
waypaper 2.8-1
wiremix 0.11.0-1
wireplumber 0.5.14-1
xdg-desktop-portal 1.20.4-1
xdg-desktop-portal-gtk 1.15.3-1
xdg-desktop-portal-hyprland 1.3.12-2
xdg-user-dirs 0.20-1
yay 12.6.0-1
zram-generator 1.2.1-1
asciiquarium 1.1-7
awww 0.12.1-1
base 3-3
base-devel 1-2
bat 0.26.1-2
brave-bin 1:1.91.171-1
brightnessctl 0.5.1-3
btrfs-progs 7.0-1
cava 0.10.7-1
cbonsai 1.4.2-1
cmatrix 2.0-4
device-mapper 2.03.41-1
dolphin 26.04.2-1
dosfstools 4.2-5
fastfetch 2.64.2-2
foot 1.27.0-1
fuzzel 1.14.1-1
git 2.54.0-1
gping 1.20.1-1
gst-plugin-pipewire 1:1.6.6-1
htop 3.5.1-1
hyprland 0.55.3-1
hyprpolkitagent 0.1.3-7
iptables 1:1.8.13-1
kitty 0.47.1-1
linux-aarch64 7.0.11-2
linux-firmware 20260519-1
mako 1.11.0-1
mesa-utils 9.0.0-7
nano 9.0-1
networkmanager 1.56.1-1
noto-fonts 1:2026.06.01-1
open-vm-tools-git 13.0.10-1
pacman-contrib 1.13.1-1
pipewire 1:1.6.6-1
pipewire-alsa 1:1.6.6-1
pipewire-pulse 1:1.6.6-1
pixie-sddm-git r36.7300725-1
playerctl 2.4.1-5
plymouth 26.134.222-2
polkit 127-3
qt5-wayland 5.15.19+kde+r55-1
qt6-wayland 6.11.1-1
rofi-git 2.0.0.r62.g2e7a6c7a-1
sddm 0.21.0-7
starship 1.25.1-1
sudo 1.9.17.p2-2
terminus-font 4.49.1-8
tmux 3.6_b-2
ttf-jetbrains-mono-nerd 3.4.0-2
visual-studio-code-bin 1.124.0-1
waypaper 2.8-1
wiremix 0.11.0-1
wireplumber 0.5.14-1
xdg-desktop-portal 1.22.0-1
xdg-desktop-portal-gtk 1.15.3-1
xdg-desktop-portal-hyprland 1.3.12-2
xdg-user-dirs 0.20-1
yay 12.6.0-1
zram-generator 1.2.1-1
asciiquarium 1.1-7
awww 0.12.1-1
base 3-3
base-devel 1-2
bat 0.26.1-2
brave-bin 1:1.91.171-1
brightnessctl 0.5.1-3
btrfs-progs 7.0-1
cava 0.10.7-1
cbonsai 1.4.2-1
cmatrix 2.0-4
device-mapper 2.03.41-1
dolphin 26.04.2-1
dosfstools 4.2-5
eza 0.23.4-3
fastfetch 2.64.2-2
foot 1.27.0-1
fuzzel 1.14.1-1
git 2.54.0-1
gping 1.20.1-1
gst-plugin-pipewire 1:1.6.6-1
htop 3.5.1-1
hyprland 0.55.3-1
hyprpolkitagent 0.1.3-7
iptables 1:1.8.13-1
kitty 0.47.1-1
linux-aarch64 7.0.11-2
linux-firmware 20260519-1
mako 1.11.0-1
mesa-utils 9.0.0-7
nano 9.0-1
networkmanager 1.56.1-1
noto-fonts 1:2026.06.01-1
open-vm-tools-git 13.0.10-1
pacman-contrib 1.13.1-1
pipewire 1:1.6.6-1
pipewire-alsa 1:1.6.6-1
pipewire-pulse 1:1.6.6-1
pixie-sddm-git r36.7300725-1
playerctl 2.4.1-5
plymouth 26.134.222-2
polkit 127-3
qt5-wayland 5.15.19+kde+r55-1
qt6-wayland 6.11.1-1
rofi-git 2.0.0.r62.g2e7a6c7a-1
sddm 0.21.0-7
starship 1.25.1-1
sudo 1.9.17.p2-2
terminus-font 4.49.1-8
tmux 3.6_b-2
ttf-jetbrains-mono-nerd 3.4.0-2
visual-studio-code-bin 1.124.0-1
waypaper 2.8-1
wiremix 0.11.0-1
wireplumber 0.5.14-1
xdg-desktop-portal 1.22.0-1
xdg-desktop-portal-gtk 1.15.3-1
xdg-desktop-portal-hyprland 1.3.12-2
xdg-user-dirs 0.20-1
yay 12.6.0-1
zram-generator 1.2.1-1
asciiquarium 1.1-7
awww 0.12.1-1
base 3-3
base-devel 1-2
bat 0.26.1-2
brave-bin 1:1.91.171-1
brightnessctl 0.5.1-3
btrfs-progs 7.0-1
cava 0.10.7-1
cbonsai 1.4.2-1
cmatrix 2.0-4
device-mapper 2.03.41-1
dolphin 26.04.2-1
dosfstools 4.2-5
eza 0.23.4-3
fastfetch 2.64.2-2
fd 10.4.2-2
foot 1.27.0-1
fuzzel 1.14.1-1
git 2.54.0-1
gping 1.20.1-1
gst-plugin-pipewire 1:1.6.6-1
htop 3.5.1-1
hyprland 0.55.3-1
hyprpolkitagent 0.1.3-7
iptables 1:1.8.13-1
kitty 0.47.1-1
linux-aarch64 7.0.11-2
linux-firmware 20260519-1
mako 1.11.0-1
mesa-utils 9.0.0-7
nano 9.0-1
networkmanager 1.56.1-1
noto-fonts 1:2026.06.01-1
open-vm-tools-git 13.0.10-1
pacman-contrib 1.13.1-1
pipewire 1:1.6.6-1
pipewire-alsa 1:1.6.6-1
pipewire-pulse 1:1.6.6-1
pixie-sddm-git r36.7300725-1
playerctl 2.4.1-5
plymouth 26.134.222-2
polkit 127-3
qt5-wayland 5.15.19+kde+r55-1
qt6-wayland 6.11.1-1
rofi-git 2.0.0.r62.g2e7a6c7a-1
sddm 0.21.0-7
starship 1.25.1-1
sudo 1.9.17.p2-2
terminus-font 4.49.1-8
tmux 3.6_b-2
ttf-jetbrains-mono-nerd 3.4.0-2
visual-studio-code-bin 1.124.0-1
waypaper 2.8-1
wiremix 0.11.0-1
wireplumber 0.5.14-1
xdg-desktop-portal 1.22.0-1
xdg-desktop-portal-gtk 1.15.3-1
xdg-desktop-portal-hyprland 1.3.12-2
xdg-user-dirs 0.20-1
yay 12.6.0-1
zoxide 0.9.9-2
zram-generator 1.2.1-1
